{"error":"relation \"sessions\" does not exist","level":"error","message":"Failed to cleanup expired sessions","service":"bake-alley-cloud-pos","timestamp":"2026-10-01 10:27:08"}
{"level":"info","message":"Database migration completed successfully","service":"bake-alley-cloud-pos","timestamp":"2026-10-01 10:27:08"}
{"level":"info","message":"Bake Alley cloud API listening on port 3000","service":"bake-alley-cloud-pos","timestamp":"2026-10-01 10:27:08"}
{"code":"INTERNAL_ERROR","level":"error","message":"CORS not allowed","service":"bake-alley-cloud-pos","stack":"Error: CORS not allowed\n    at origin (C:\\Users\\Ryan\\Projects\\BakeAlley-POS\\BakeAlley-POS\\server\\app.js:19:16)\n    at C:\\Users\\Ryan\\Projects\\BakeAlley-POS\\BakeAlley-POS\\node_modules\\cors\\lib\\index.js:219:13\n    at optionsCallback (C:\\Users\\Ryan\\Projects\\BakeAlley-POS\\BakeAlley-POS\\node_modules\\cors\\lib\\index.js:199:9)\n    at corsMiddleware (C:\\Users\\Ryan\\Projects\\BakeAlley-POS\\BakeAlley-POS\\node_modules\\cors\\lib\\index.js:204:7)\n    at Layer.handleRequest (C:\\Users\\Ryan\\Projects\\BakeAlley-POS\\BakeAlley-POS\\node_modules\\router\\lib\\layer.js:152:17)\n    at trimPrefix (C:\\Users\\Ryan\\Projects\\BakeAlley-POS\\BakeAlley-POS\\node_modules\\router\\index.js:342:13)\n    at C:\\Users\\Ryan\\Projects\\BakeAlley-POS\\BakeAlley-POS\\node_modules\\router\\index.js:297:9\n    at processParams (C:\\Users\\Ryan\\Projects\\BakeAlley-POS\\BakeAlley-POS\\node_modules\\router\\index.js:582:12)\n    at next (C:\\Users\\Ryan\\Projects\\BakeAlley-POS\\BakeAlley-POS\\node_modules\\router\\index.js:291:5)\n    at router.handle (C:\\Users\\Ryan\\Projects\\BakeAlley-POS\\BakeAlley-POS\\node_modules\\router\\index.js:186:3)","statusCode":500,"timestamp":"2026-10-01 10:27:39"}
{"code":"INTERNAL_ERROR","level":"error","message":"CORS not allowed","service":"bake-alley-cloud-pos","stack":"Error: CORS not allowed\n    at origin (C:\\Users\\Ryan\\Projects\\BakeAlley-POS\\BakeAlley-POS\\server\\app.js:19:16)\n    at C:\\Users\\Ryan\\Projects\\BakeAlley-POS\\BakeAlley-POS\\node_modules\\cors\\lib\\index.js:219:13\n    at optionsCallback (C:\\Users\\Ryan\\Projects\\BakeAlley-POS\\BakeAlley-POS\\node_modules\\cors\\lib\\index.js:199:9)\n    at corsMiddleware (C:\\Users\\Ryan\\Projects\\BakeAlley-POS\\BakeAlley-POS\\node_modules\\cors\\lib\\index.js:204:7)\n    at Layer.handleRequest (C:\\Users\\Ryan\\Projects\\BakeAlley-POS\\BakeAlley-POS\\node_modules\\router\\lib\\layer.js:152:17)\n    at trimPrefix (C:\\Users\\Ryan\\Projects\\BakeAlley-POS\\BakeAlley-POS\\node_modules\\router\\index.js:342:13)\n    at C:\\Users\\Ryan\\Projects\\BakeAlley-POS\\BakeAlley-POS\\node_modules\\router\\index.js:297:9\n    at processParams (C:\\Users\\Ryan\\Projects\\BakeAlley-POS\\BakeAlley-POS\\node_modules\\router\\index.js:582:12)\n    at next (C:\\Users\\Ryan\\Projects\\BakeAlley-POS\\BakeAlley-POS\\node_modules\\router\\index.js:291:5)\n    at router.handle (C:\\Users\\Ryan\\Projects\\BakeAlley-POS\\BakeAlley-POS\\node_modules\\router\\index.js:186:3)","statusCode":500,"timestamp":"2026-10-01 10:27:41"}
{"level":"info","message":"Database migration completed successfully","service":"bake-alley-cloud-pos","timestamp":"2026-10-01 10:34:55"}
{"code":"INTERNAL_ERROR","level":"error","message":"CORS not allowed","service":"bake-alley-cloud-pos","stack":"Error: CORS not allowed\n    at origin (C:\\Users\\Ryan\\Projects\\BakeAlley-POS\\BakeAlley-POS\\server\\app.js:19:16)\n    at C:\\Users\\Ryan\\Projects\\BakeAlley-POS\\BakeAlley-POS\\node_modules\\cors\\lib\\index.js:219:13\n    at optionsCallback (C:\\Users\\Ryan\\Projects\\BakeAlley-POS\\BakeAlley-POS\\node_modules\\cors\\lib\\index.js:199:9)\n    at corsMiddleware (C:\\Users\\Ryan\\Projects\\BakeAlley-POS\\BakeAlley-POS\\node_modules\\cors\\lib\\index.js:204:7)\n    at Layer.handleRequest (C:\\Users\\Ryan\\Projects\\BakeAlley-POS\\BakeAlley-POS\\node_modules\\router\\lib\\layer.js:152:17)\n    at trimPrefix (C:\\Users\\Ryan\\Projects\\BakeAlley-POS\\BakeAlley-POS\\node_modules\\router\\index.js:342:13)\n    at C:\\Users\\Ryan\\Projects\\BakeAlley-POS\\BakeAlley-POS\\node_modules\\router\\index.js:297:9\n    at processParams (C:\\Users\\Ryan\\Projects\\BakeAlley-POS\\BakeAlley-POS\\node_modules\\router\\index.js:582:12)\n    at next (C:\\Users\\Ryan\\Projects\\BakeAlley-POS\\BakeAlley-POS\\node_modules\\router\\index.js:291:5)\n    at router.handle (C:\\Users\\Ryan\\Projects\\BakeAlley-POS\\BakeAlley-POS\\node_modules\\router\\index.js:186:3)","statusCode":500,"timestamp":"2026-10-01 10:40:07"}
{"level":"info","message":"Database migration completed successfully","service":"bake-alley-cloud-pos","timestamp":"2026-10-01 10:40:08"}
{"level":"info","message":"Bake Alley cloud API listening on port 3000","service":"bake-alley-cloud-pos","timestamp":"2026-10-01 10:40:08"}
{"code":"INTERNAL_ERROR","level":"error","message":"CORS not allowed","service":"bake-alley-cloud-pos","stack":"Error: CORS not allowed\n    at origin (C:\\Users\\Ryan\\Projects\\BakeAlley-POS\\BakeAlley-POS\\server\\app.js:19:16)\n    at C:\\Users\\Ryan\\Projects\\BakeAlley-POS\\BakeAlley-POS\\node_modules\\cors\\lib\\index.js:219:13\n    at optionsCallback (C:\\Users\\Ryan\\Projects\\BakeAlley-POS\\BakeAlley-POS\\node_modules\\cors\\lib\\index.js:199:9)\n    at corsMiddleware (C:\\Users\\Ryan\\Projects\\BakeAlley-POS\\BakeAlley-POS\\node_modules\\cors\\lib\\index.js:204:7)\n    at Layer.handleRequest (C:\\Users\\Ryan\\Projects\\BakeAlley-POS\\BakeAlley-POS\\node_modules\\router\\lib\\layer.js:152:17)\n    at trimPrefix (C:\\Users\\Ryan\\Projects\\BakeAlley-POS\\BakeAlley-POS\\node_modules\\router\\index.js:342:13)\n    at C:\\Users\\Ryan\\Projects\\BakeAlley-POS\\BakeAlley-POS\\node_modules\\router\\index.js:297:9\n    at processParams (C:\\Users\\Ryan\\Projects\\BakeAlley-POS\\BakeAlley-POS\\node_modules\\router\\index.js:582:12)\n    at next (C:\\Users\\Ryan\\Projects\\BakeAlley-POS\\BakeAlley-POS\\node_modules\\router\\index.js:291:5)\n    at router.handle (C:\\Users\\Ryan\\Projects\\BakeAlley-POS\\BakeAlley-POS\\node_modules\\router\\index.js:186:3)","statusCode":500,"timestamp":"2026-10-01 10:40:41"}
{"level":"info","message":"Database migration completed successfully","service":"bake-alley-cloud-pos","timestamp":"2026-10-01 10:40:52"}
{"level":"info","message":"Bake Alley cloud API listening on port 3000","service":"bake-alley-cloud-pos","timestamp":"2026-10-01 10:40:52"}
{"code":"INTERNAL_ERROR","level":"error","message":"CORS not allowed","service":"bake-alley-cloud-pos","stack":"Error: CORS not allowed\n    at origin (C:\\Users\\Ryan\\Projects\\BakeAlley-POS\\BakeAlley-POS\\server\\app.js:22:16)\n    at C:\\Users\\Ryan\\Projects\\BakeAlley-POS\\BakeAlley-POS\\node_modules\\cors\\lib\\index.js:219:13\n    at optionsCallback (C:\\Users\\Ryan\\Projects\\BakeAlley-POS\\BakeAlley-POS\\node_modules\\cors\\lib\\index.js:199:9)\n    at corsMiddleware (C:\\Users\\Ryan\\Projects\\BakeAlley-POS\\BakeAlley-POS\\node_modules\\cors\\lib\\index.js:204:7)\n    at Layer.handleRequest (C:\\Users\\Ryan\\Projects\\BakeAlley-POS\\BakeAlley-POS\\node_modules\\router\\lib\\layer.js:152:17)\n    at trimPrefix (C:\\Users\\Ryan\\Projects\\BakeAlley-POS\\BakeAlley-POS\\node_modules\\router\\index.js:342:13)\n    at C:\\Users\\Ryan\\Projects\\BakeAlley-POS\\BakeAlley-POS\\node_modules\\router\\index.js:297:9\n    at processParams (C:\\Users\\Ryan\\Projects\\BakeAlley-POS\\BakeAlley-POS\\node_modules\\router\\index.js:582:12)\n    at next (C:\\Users\\Ryan\\Projects\\BakeAlley-POS\\BakeAlley-POS\\node_modules\\router\\index.js:291:5)\n    at router.handle (C:\\Users\\Ryan\\Projects\\BakeAlley-POS\\BakeAlley-POS\\node_modules\\router\\index.js:186:3)","statusCode":500,"timestamp":"2026-10-01 10:41:06"}
{"code":"INTERNAL_ERROR","level":"error","message":"CORS not allowed","service":"bake-alley-cloud-pos","stack":"Error: CORS not allowed\n    at origin (C:\\Users\\Ryan\\Projects\\BakeAlley-POS\\BakeAlley-POS\\server\\app.js:22:16)\n    at C:\\Users\\Ryan\\Projects\\BakeAlley-POS\\BakeAlley-POS\\node_modules\\cors\\lib\\index.js:219:13\n    at optionsCallback (C:\\Users\\Ryan\\Projects\\BakeAlley-POS\\BakeAlley-POS\\node_modules\\cors\\lib\\index.js:199:9)\n    at corsMiddleware (C:\\Users\\Ryan\\Projects\\BakeAlley-POS\\BakeAlley-POS\\node_modules\\cors\\lib\\index.js:204:7)\n    at Layer.handleRequest (C:\\Users\\Ryan\\Projects\\BakeAlley-POS\\BakeAlley-POS\\node_modules\\router\\lib\\layer.js:152:17)\n    at trimPrefix (C:\\Users\\Ryan\\Projects\\BakeAlley-POS\\BakeAlley-POS\\node_modules\\router\\index.js:342:13)\n    at C:\\Users\\Ryan\\Projects\\BakeAlley-POS\\BakeAlley-POS\\node_modules\\router\\index.js:297:9\n    at processParams (C:\\Users\\Ryan\\Projects\\BakeAlley-POS\\BakeAlley-POS\\node_modules\\router\\index.js:582:12)\n    at next (C:\\Users\\Ryan\\Projects\\BakeAlley-POS\\BakeAlley-POS\\node_modules\\router\\index.js:291:5)\n    at router.handle (C:\\Users\\Ryan\\Projects\\BakeAlley-POS\\BakeAlley-POS\\node_modules\\router\\index.js:186:3)","statusCode":500,"timestamp":"2026-10-01 10:41:12"}
{"level":"info","message":"Database migration completed successfully","service":"bake-alley-cloud-pos","timestamp":"2026-10-01 10:41:39"}
{"level":"info","message":"Bake Alley cloud API listening on port 3000","service":"bake-alley-cloud-pos","timestamp":"2026-10-01 10:41:39"}
{"code":"INTERNAL_ERROR","level":"error","message":"CORS not allowed","service":"bake-alley-cloud-pos","stack":"Error: CORS not allowed\n    at origin (C:\\Users\\Ryan\\Projects\\BakeAlley-POS\\BakeAlley-POS\\server\\app.js:22:16)\n    at C:\\Users\\Ryan\\Projects\\BakeAlley-POS\\BakeAlley-POS\\node_modules\\cors\\lib\\index.js:219:13\n    at optionsCallback (C:\\Users\\Ryan\\Projects\\BakeAlley-POS\\BakeAlley-POS\\node_modules\\cors\\lib\\index.js:199:9)\n    at corsMiddleware (C:\\Users\\Ryan\\Projects\\BakeAlley-POS\\BakeAlley-POS\\node_modules\\cors\\lib\\index.js:204:7)\n    at Layer.handleRequest (C:\\Users\\Ryan\\Projects\\BakeAlley-POS\\BakeAlley-POS\\node_modules\\router\\lib\\layer.js:152:17)\n    at trimPrefix (C:\\Users\\Ryan\\Projects\\BakeAlley-POS\\BakeAlley-POS\\node_modules\\router\\index.js:342:13)\n    at C:\\Users\\Ryan\\Projects\\BakeAlley-POS\\BakeAlley-POS\\node_modules\\router\\index.js:297:9\n    at processParams (C:\\Users\\Ryan\\Projects\\BakeAlley-POS\\BakeAlley-POS\\node_modules\\router\\index.js:582:12)\n    at next (C:\\Users\\Ryan\\Projects\\BakeAlley-POS\\BakeAlley-POS\\node_modules\\router\\index.js:291:5)\n    at router.handle (C:\\Users\\Ryan\\Projects\\BakeAlley-POS\\BakeAlley-POS\\node_modules\\router\\index.js:186:3)","statusCode":500,"timestamp":"2026-10-01 10:41:51"}
{"code":"INTERNAL_ERROR","level":"error","message":"CORS not allowed","service":"bake-alley-cloud-pos","stack":"Error: CORS not allowed\n    at origin (C:\\Users\\Ryan\\Projects\\BakeAlley-POS\\BakeAlley-POS\\server\\app.js:22:16)\n    at C:\\Users\\Ryan\\Projects\\BakeAlley-POS\\BakeAlley-POS\\node_modules\\cors\\lib\\index.js:219:13\n    at optionsCallback (C:\\Users\\Ryan\\Projects\\BakeAlley-POS\\BakeAlley-POS\\node_modules\\cors\\lib\\index.js:199:9)\n    at corsMiddleware (C:\\Users\\Ryan\\Projects\\BakeAlley-POS\\BakeAlley-POS\\node_modules\\cors\\lib\\index.js:204:7)\n    at Layer.handleRequest (C:\\Users\\Ryan\\Projects\\BakeAlley-POS\\BakeAlley-POS\\node_modules\\router\\lib\\layer.js:152:17)\n    at trimPrefix (C:\\Users\\Ryan\\Projects\\BakeAlley-POS\\BakeAlley-POS\\node_modules\\router\\index.js:342:13)\n    at C:\\Users\\Ryan\\Projects\\BakeAlley-POS\\BakeAlley-POS\\node_modules\\router\\index.js:297:9\n    at processParams (C:\\Users\\Ryan\\Projects\\BakeAlley-POS\\BakeAlley-POS\\node_modules\\router\\index.js:582:12)\n    at next (C:\\Users\\Ryan\\Projects\\BakeAlley-POS\\BakeAlley-POS\\node_modules\\router\\index.js:291:5)\n    at router.handle (C:\\Users\\Ryan\\Projects\\BakeAlley-POS\\BakeAlley-POS\\node_modules\\router\\index.js:186:3)","statusCode":500,"timestamp":"2026-10-01 10:41:52"}
{"code":"INTERNAL_ERROR","level":"error","message":"CORS not allowed","service":"bake-alley-cloud-pos","stack":"Error: CORS not allowed\n    at origin (C:\\Users\\Ryan\\Projects\\BakeAlley-POS\\BakeAlley-POS\\server\\app.js:22:16)\n    at C:\\Users\\Ryan\\Projects\\BakeAlley-POS\\BakeAlley-POS\\node_modules\\cors\\lib\\index.js:219:13\n    at optionsCallback (C:\\Users\\Ryan\\Projects\\BakeAlley-POS\\BakeAlley-POS\\node_modules\\cors\\lib\\index.js:199:9)\n    at corsMiddleware (C:\\Users\\Ryan\\Projects\\BakeAlley-POS\\BakeAlley-POS\\node_modules\\cors\\lib\\index.js:204:7)\n    at Layer.handleRequest (C:\\Users\\Ryan\\Projects\\BakeAlley-POS\\BakeAlley-POS\\node_modules\\router\\lib\\layer.js:152:17)\n    at trimPrefix (C:\\Users\\Ryan\\Projects\\BakeAlley-POS\\BakeAlley-POS\\node_modules\\router\\index.js:342:13)\n    at C:\\Users\\Ryan\\Projects\\BakeAlley-POS\\BakeAlley-POS\\node_modules\\router\\index.js:297:9\n    at processParams (C:\\Users\\Ryan\\Projects\\BakeAlley-POS\\BakeAlley-POS\\node_modules\\router\\index.js:582:12)\n    at next (C:\\Users\\Ryan\\Projects\\BakeAlley-POS\\BakeAlley-POS\\node_modules\\router\\index.js:291:5)\n    at router.handle (C:\\Users\\Ryan\\Projects\\BakeAlley-POS\\BakeAlley-POS\\node_modules\\router\\index.js:186:3)","statusCode":500,"timestamp":"2026-10-01 10:41:52"}
{"level":"info","message":"Database migration completed successfully","service":"bake-alley-cloud-pos","timestamp":"2026-10-01 10:44:19"}
{"level":"info","message":"Bake Alley cloud API listening on port 3000","service":"bake-alley-cloud-pos","timestamp":"2026-10-01 10:44:19"}
{"allowedOrigins":["http://localhost:5173","http://127.0.0.1:5173","http://localhost:3000","http://127.0.0.1:3000"],"level":"info","message":"CORS allowed origins","service":"bake-alley-cloud-pos","timestamp":"2026-10-01 10:45:33"}
{"level":"info","message":"Database migration completed successfully","service":"bake-alley-cloud-pos","timestamp":"2026-10-01 10:45:34"}
{"level":"info","message":"Bake Alley cloud API listening on port 3000","service":"bake-alley-cloud-pos","timestamp":"2026-10-01 10:45:34"}
{"allowedOrigins":["http://localhost:5173","http://127.0.0.1:5173","http://localhost:3000","http://127.0.0.1:3000"],"level":"info","message":"CORS allowed origins","service":"bake-alley-cloud-pos","timestamp":"2026-10-01 10:46:12"}
{"level":"info","message":"Database migration completed successfully","service":"bake-alley-cloud-pos","timestamp":"2026-10-01 10:46:12"}
{"level":"info","message":"Bake Alley cloud API listening on port 3000","service":"bake-alley-cloud-pos","timestamp":"2026-10-01 10:46:12"}
{"isAllowed":true,"level":"info","message":"CORS request received","origin":"http://127.0.0.1:5173","service":"bake-alley-cloud-pos","timestamp":"2026-10-01 10:46:35"}
{"level":"warn","message":"Failed login attempt","service":"bake-alley-cloud-pos","timestamp":"2026-10-01 10:46:35","username":"admin"}
{"isAllowed":true,"level":"info","message":"CORS request received","origin":"http://127.0.0.1:5173","service":"bake-alley-cloud-pos","timestamp":"2026-10-01 10:46:55"}
{"level":"info","message":"User logged in","service":"bake-alley-cloud-pos","timestamp":"2026-10-01 10:46:55","username":"admin"}
{"isAllowed":true,"level":"info","message":"CORS request received","service":"bake-alley-cloud-pos","timestamp":"2026-10-01 10:46:55"}
{"isAllowed":true,"level":"info","message":"CORS request received","service":"bake-alley-cloud-pos","timestamp":"2026-10-01 10:47:00"}
{"isAllowed":true,"level":"info","message":"CORS request received","service":"bake-alley-cloud-pos","timestamp":"2026-10-01 10:47:00"}
{"isAllowed":true,"level":"info","message":"CORS request received","service":"bake-alley-cloud-pos","timestamp":"2026-10-01 10:47:02"}
{"isAllowed":true,"level":"info","message":"CORS request received","service":"bake-alley-cloud-pos","timestamp":"2026-10-01 10:47:02"}
{"isAllowed":true,"level":"info","message":"CORS request received","service":"bake-alley-cloud-pos","timestamp":"2026-10-01 10:47:03"}
{"isAllowed":true,"level":"info","message":"CORS request received","service":"bake-alley-cloud-pos","timestamp":"2026-10-01 10:47:03"}
{"isAllowed":true,"level":"info","message":"CORS request received","service":"bake-alley-cloud-pos","timestamp":"2026-10-01 10:47:03"}
{"isAllowed":true,"level":"info","message":"CORS request received","service":"bake-alley-cloud-pos","timestamp":"2026-10-01 10:47:03"}
{"isAllowed":true,"level":"info","message":"CORS request received","service":"bake-alley-cloud-pos","timestamp":"2026-10-01 10:47:05"}
{"isAllowed":true,"level":"info","message":"CORS request received","service":"bake-alley-cloud-pos","timestamp":"2026-10-01 10:47:05"}
{"isAllowed":true,"level":"info","message":"CORS request received","service":"bake-alley-cloud-pos","timestamp":"2026-10-01 10:47:06"}
{"isAllowed":true,"level":"info","message":"CORS request received","service":"bake-alley-cloud-pos","timestamp":"2026-10-01 10:47:07"}
{"isAllowed":true,"level":"info","message":"CORS request received","service":"bake-alley-cloud-pos","timestamp":"2026-10-01 10:47:13"}
{"isAllowed":true,"level":"info","message":"CORS request received","service":"bake-alley-cloud-pos","timestamp":"2026-10-01 10:47:13"}
{"isAllowed":true,"level":"info","message":"CORS request received","service":"bake-alley-cloud-pos","timestamp":"2026-10-01 10:47:13"}
{"isAllowed":true,"level":"info","message":"CORS request received","service":"bake-alley-cloud-pos","timestamp":"2026-10-01 10:47:13"}
{"isAllowed":true,"level":"info","message":"CORS request received","service":"bake-alley-cloud-pos","timestamp":"2026-10-01 10:47:15"}
{"isAllowed":true,"level":"info","message":"CORS request received","service":"bake-alley-cloud-pos","timestamp":"2026-10-01 10:47:15"}
{"isAllowed":true,"level":"info","message":"CORS request received","service":"bake-alley-cloud-pos","timestamp":"2026-10-01 10:47:18"}
{"isAllowed":true,"level":"info","message":"CORS request received","service":"bake-alley-cloud-pos","timestamp":"2026-10-01 10:47:18"}
{"isAllowed":true,"level":"info","message":"CORS request received","service":"bake-alley-cloud-pos","timestamp":"2026-10-01 10:47:18"}
{"isAllowed":true,"level":"info","message":"CORS request received","service":"bake-alley-cloud-pos","timestamp":"2026-10-01 10:47:18"}
{"isAllowed":true,"level":"info","message":"CORS request received","service":"bake-alley-cloud-pos","timestamp":"2026-10-01 10:47:18"}
{"isAllowed":true,"level":"info","message":"CORS request received","service":"bake-alley-cloud-pos","timestamp":"2026-10-01 10:47:18"}
{"isAllowed":true,"level":"info","message":"CORS request received","service":"bake-alley-cloud-pos","timestamp":"2026-10-01 10:47:20"}
{"isAllowed":true,"level":"info","message":"CORS request received","service":"bake-alley-cloud-pos","timestamp":"2026-10-01 10:47:20"}
{"isAllowed":true,"level":"info","message":"CORS request received","service":"bake-alley-cloud-pos","timestamp":"2026-10-01 10:47:20"}
{"isAllowed":true,"level":"info","message":"CORS request received","service":"bake-alley-cloud-pos","timestamp":"2026-10-01 10:47:20"}
{"isAllowed":true,"level":"info","message":"CORS request received","service":"bake-alley-cloud-pos","timestamp":"2026-10-01 10:47:25"}
{"isAllowed":true,"level":"info","message":"CORS request received","service":"bake-alley-cloud-pos","timestamp":"2026-10-01 10:47:25"}
{"isAllowed":true,"level":"info","message":"CORS request received","service":"bake-alley-cloud-pos","timestamp":"2026-10-01 10:47:37"}
{"isAllowed":true,"level":"info","message":"CORS request received","service":"bake-alley-cloud-pos","timestamp":"2026-10-01 10:47:37"}
{"isAllowed":true,"level":"info","message":"CORS request received","service":"bake-alley-cloud-pos","timestamp":"2026-10-01 10:47:44"}
{"isAllowed":true,"level":"info","message":"CORS request received","service":"bake-alley-cloud-pos","timestamp":"2026-10-01 10:47:48"}
{"isAllowed":true,"level":"info","message":"CORS request received","service":"bake-alley-cloud-pos","timestamp":"2026-10-01 10:47:51"}
{"isAllowed":true,"level":"info","message":"CORS request received","service":"bake-alley-cloud-pos","timestamp":"2026-10-01 10:47:51"}
{"isAllowed":true,"level":"info","message":"CORS request received","service":"bake-alley-cloud-pos","timestamp":"2026-10-01 10:47:54"}
{"isAllowed":true,"level":"info","message":"CORS request received","service":"bake-alley-cloud-pos","timestamp":"2026-10-01 10:48:04"}
{"isAllowed":true,"level":"info","message":"CORS request received","service":"bake-alley-cloud-pos","timestamp":"2026-10-01 10:48:04"}
{"isAllowed":true,"level":"info","message":"CORS request received","service":"bake-alley-cloud-pos","timestamp":"2026-10-01 10:48:12"}
{"isAllowed":true,"level":"info","message":"CORS request received","service":"bake-alley-cloud-pos","timestamp":"2026-10-01 10:48:12"}
{"isAllowed":true,"level":"info","message":"CORS request received","service":"bake-alley-cloud-pos","timestamp":"2026-10-01 10:48:13"}
{"isAllowed":true,"level":"info","message":"CORS request received","service":"bake-alley-cloud-pos","timestamp":"2026-10-01 10:48:13"}
{"isAllowed":true,"level":"info","message":"CORS request received","service":"bake-alley-cloud-pos","timestamp":"2026-10-01 10:48:13"}
{"isAllowed":true,"level":"info","message":"CORS request received","service":"bake-alley-cloud-pos","timestamp":"2026-10-01 10:48:13"}
{"isAllowed":true,"level":"info","message":"CORS request received","service":"bake-alley-cloud-pos","timestamp":"2026-10-01 10:48:14"}
{"isAllowed":true,"level":"info","message":"CORS request received","service":"bake-alley-cloud-pos","timestamp":"2026-10-01 10:48:14"}
{"isAllowed":true,"level":"info","message":"CORS request received","service":"bake-alley-cloud-pos","timestamp":"2026-10-01 10:48:14"}
{"isAllowed":true,"level":"info","message":"CORS request received","service":"bake-alley-cloud-pos","timestamp":"2026-10-01 10:48:15"}
{"isAllowed":true,"level":"info","message":"CORS request received","service":"bake-alley-cloud-pos","timestamp":"2026-10-01 10:48:15"}
{"isAllowed":true,"level":"info","message":"CORS request received","service":"bake-alley-cloud-pos","timestamp":"2026-10-01 10:48:15"}
{"isAllowed":true,"level":"info","message":"CORS request received","service":"bake-alley-cloud-pos","timestamp":"2026-10-01 10:48:15"}
{"isAllowed":true,"level":"info","message":"CORS request received","service":"bake-alley-cloud-pos","timestamp":"2026-10-01 10:48:15"}
{"isAllowed":true,"level":"info","message":"CORS request received","service":"bake-alley-cloud-pos","timestamp":"2026-10-01 10:48:16"}
{"isAllowed":true,"level":"info","message":"CORS request received","service":"bake-alley-cloud-pos","timestamp":"2026-10-01 10:48:16"}
{"isAllowed":true,"level":"info","message":"CORS request received","service":"bake-alley-cloud-pos","timestamp":"2026-10-01 10:48:16"}
{"isAllowed":true,"level":"info","message":"CORS request received","service":"bake-alley-cloud-pos","timestamp":"2026-10-01 10:48:16"}
{"isAllowed":true,"level":"info","message":"CORS request received","service":"bake-alley-cloud-pos","timestamp":"2026-10-01 10:48:16"}
{"isAllowed":true,"level":"info","message":"CORS request received","service":"bake-alley-cloud-pos","timestamp":"2026-10-01 10:48:17"}
{"isAllowed":true,"level":"info","message":"CORS request received","service":"bake-alley-cloud-pos","timestamp":"2026-10-01 10:48:17"}
{"isAllowed":true,"level":"info","message":"CORS request received","service":"bake-alley-cloud-pos","timestamp":"2026-10-01 10:48:17"}
{"isAllowed":true,"level":"info","message":"CORS request received","service":"bake-alley-cloud-pos","timestamp":"2026-10-01 10:48:18"}
{"isAllowed":true,"level":"info","message":"CORS request received","service":"bake-alley-cloud-pos","timestamp":"2026-10-01 10:48:18"}
{"isAllowed":true,"level":"info","message":"CORS request received","origin":"http://127.0.0.1:5173","service":"bake-alley-cloud-pos","timestamp":"2026-10-01 10:48:23"}
{"level":"info","message":"User logged in","service":"bake-alley-cloud-pos","timestamp":"2026-10-01 10:48:23","username":"cashier"}
{"isAllowed":true,"level":"info","message":"CORS request received","service":"bake-alley-cloud-pos","timestamp":"2026-10-01 10:48:23"}
{"isAllowed":true,"level":"info","message":"CORS request received","service":"bake-alley-cloud-pos","timestamp":"2026-10-01 10:48:26"}
{"isAllowed":true,"level":"info","message":"CORS request received","service":"bake-alley-cloud-pos","timestamp":"2026-10-01 10:48:26"}
{"isAllowed":true,"level":"info","message":"CORS request received","service":"bake-alley-cloud-pos","timestamp":"2026-10-01 10:48:27"}
{"isAllowed":true,"level":"info","message":"CORS request received","service":"bake-alley-cloud-pos","timestamp":"2026-10-01 10:48:27"}
{"isAllowed":true,"level":"info","message":"CORS request received","service":"bake-alley-cloud-pos","timestamp":"2026-10-01 10:48:33"}
{"isAllowed":true,"level":"info","message":"CORS request received","service":"bake-alley-cloud-pos","timestamp":"2026-10-01 10:48:33"}
{"isAllowed":true,"level":"info","message":"CORS request received","service":"bake-alley-cloud-pos","timestamp":"2026-10-01 10:48:33"}
{"isAllowed":true,"level":"info","message":"CORS request received","service":"bake-alley-cloud-pos","timestamp":"2026-10-01 10:48:33"}
{"isAllowed":true,"level":"info","message":"CORS request received","service":"bake-alley-cloud-pos","timestamp":"2026-10-01 10:48:35"}
{"isAllowed":true,"level":"info","message":"CORS request received","service":"bake-alley-cloud-pos","timestamp":"2026-10-01 10:48:35"}
{"isAllowed":true,"level":"info","message":"CORS request received","service":"bake-alley-cloud-pos","timestamp":"2026-10-01 10:48:35"}
{"isAllowed":true,"level":"info","message":"CORS request received","service":"bake-alley-cloud-pos","timestamp":"2026-10-01 10:48:35"}
{"isAllowed":true,"level":"info","message":"CORS request received","service":"bake-alley-cloud-pos","timestamp":"2026-10-01 10:48:37"}
{"isAllowed":true,"level":"info","message":"CORS request received","service":"bake-alley-cloud-pos","timestamp":"2026-10-01 10:48:37"}
{"isAllowed":true,"level":"info","message":"CORS request received","service":"bake-alley-cloud-pos","timestamp":"2026-10-01 10:48:39"}
{"isAllowed":true,"level":"info","message":"CORS request received","service":"bake-alley-cloud-pos","timestamp":"2026-10-01 10:48:39"}
{"isAllowed":true,"level":"info","message":"CORS request received","service":"bake-alley-cloud-pos","timestamp":"2026-10-01 10:48:40"}
{"isAllowed":true,"level":"info","message":"CORS request received","service":"bake-alley-cloud-pos","timestamp":"2026-10-01 10:48:40"}
{"isAllowed":true,"level":"info","message":"CORS request received","origin":"http://127.0.0.1:5173","service":"bake-alley-cloud-pos","timestamp":"2026-10-01 10:48:44"}
{"level":"warn","message":"Failed login attempt","service":"bake-alley-cloud-pos","timestamp":"2026-10-01 10:48:45","username":"admin"}
{"isAllowed":true,"level":"info","message":"CORS request received","origin":"http://127.0.0.1:5173","service":"bake-alley-cloud-pos","timestamp":"2026-10-01 10:48:48"}
{"level":"info","message":"User logged in","service":"bake-alley-cloud-pos","timestamp":"2026-10-01 10:48:48","username":"admin"}
{"isAllowed":true,"level":"info","message":"CORS request received","service":"bake-alley-cloud-pos","timestamp":"2026-10-01 10:48:48"}
{"isAllowed":true,"level":"info","message":"CORS request received","service":"bake-alley-cloud-pos","timestamp":"2026-10-01 10:48:54"}
{"isAllowed":true,"level":"info","message":"CORS request received","service":"bake-alley-cloud-pos","timestamp":"2026-10-01 10:48:54"}
{"isAllowed":true,"level":"info","message":"CORS request received","service":"bake-alley-cloud-pos","timestamp":"2026-10-01 11:09:54"}
{"isAllowed":true,"level":"info","message":"CORS request received","service":"bake-alley-cloud-pos","timestamp":"2026-10-01 11:09:55"}
{"error":"Connection terminated due to connection timeout","level":"error","message":"Session verification error","service":"bake-alley-cloud-pos","timestamp":"2026-10-01 11:09:57"}
{"code":"INTERNAL_ERROR","level":"error","message":"Connection terminated due to connection timeout","service":"bake-alley-cloud-pos","stack":"Error: Connection terminated due to connection timeout\n    at C:\\Users\\Ryan\\Projects\\BakeAlley-POS\\BakeAlley-POS\\node_modules\\pg-pool\\index.js:45:11\n    at process.processTicksAndRejections (node:internal/process/task_queues:104:5)\n    at async requireSession (C:\\Users\\Ryan\\Projects\\BakeAlley-POS\\BakeAlley-POS\\server\\auth.js:16:20)","statusCode":500,"timestamp":"2026-10-01 11:09:57"}
{"isAllowed":true,"level":"info","message":"CORS request received","service":"bake-alley-cloud-pos","timestamp":"2026-10-01 11:09:57"}
{"isAllowed":true,"level":"info","message":"CORS request received","service":"bake-alley-cloud-pos","timestamp":"2026-10-01 11:09:58"}
{"error":"Connection terminated due to connection timeout","level":"error","message":"Session verification error","service":"bake-alley-cloud-pos","timestamp":"2026-10-01 11:10:00"}
{"code":"INTERNAL_ERROR","level":"error","message":"Connection terminated due to connection timeout","service":"bake-alley-cloud-pos","stack":"Error: Connection terminated due to connection timeout\n    at C:\\Users\\Ryan\\Projects\\BakeAlley-POS\\BakeAlley-POS\\node_modules\\pg-pool\\index.js:45:11\n    at process.processTicksAndRejections (node:internal/process/task_queues:104:5)\n    at async requireSession (C:\\Users\\Ryan\\Projects\\BakeAlley-POS\\BakeAlley-POS\\server\\auth.js:16:20)","statusCode":500,"timestamp":"2026-10-01 11:10:00"}
{"isAllowed":true,"level":"info","message":"CORS request received","origin":"http://127.0.0.1:5173","service":"bake-alley-cloud-pos","timestamp":"2026-10-01 11:10:33"}
{"allowedOrigins":["http://localhost:5173","http://127.0.0.1:5173","http://localhost:3000","http://127.0.0.1:3000"],"level":"info","message":"CORS allowed origins","service":"bake-alley-cloud-pos","timestamp":"2026-10-01 11:27:22"}
{"level":"info","message":"Database migration completed successfully","service":"bake-alley-cloud-pos","timestamp":"2026-10-01 11:27:22"}
{"level":"info","message":"Bake Alley cloud API listening on port 3000","service":"bake-alley-cloud-pos","timestamp":"2026-10-01 11:27:22"}
{"allowedOrigins":["http://localhost:5173","http://127.0.0.1:5173","http://localhost:3000","http://127.0.0.1:3000"],"level":"info","message":"CORS allowed origins","service":"bake-alley-cloud-pos","timestamp":"2026-10-01 11:27:42"}
{"level":"info","message":"Database migration completed successfully","service":"bake-alley-cloud-pos","timestamp":"2026-10-01 11:27:42"}
{"level":"info","message":"Bake Alley cloud API listening on port 3000","service":"bake-alley-cloud-pos","timestamp":"2026-10-01 11:27:42"}
{"isAllowed":true,"level":"info","message":"CORS request received","service":"bake-alley-cloud-pos","timestamp":"2026-10-01 11:27:49"}
{"isAllowed":true,"level":"info","message":"CORS request received","service":"bake-alley-cloud-pos","timestamp":"2026-10-01 11:27:49"}
{"isAllowed":true,"level":"info","message":"CORS request received","service":"bake-alley-cloud-pos","timestamp":"2026-10-01 11:27:49"}
{"isAllowed":true,"level":"info","message":"CORS request received","service":"bake-alley-cloud-pos","timestamp":"2026-10-01 11:27:49"}
{"isAllowed":true,"level":"info","message":"CORS request received","origin":"http://127.0.0.1:5173","service":"bake-alley-cloud-pos","timestamp":"2026-10-01 11:28:15"}
{"error":"insert or update on table \"products\" violates foreign key constraint \"products_base_uom_id_fkey\"","level":"error","message":"Product creation failed","service":"bake-alley-cloud-pos","timestamp":"2026-10-01 11:28:16"}
{"code":"23503","level":"error","message":"insert or update on table \"products\" violates foreign key constraint \"products_base_uom_id_fkey\"","service":"bake-alley-cloud-pos","stack":"error: insert or update on table \"products\" violates foreign key constraint \"products_base_uom_id_fkey\"\n    at C:\\Users\\Ryan\\Projects\\BakeAlley-POS\\BakeAlley-POS\\node_modules\\pg\\lib\\client.js:694:17\n    at process.processTicksAndRejections (node:internal/process/task_queues:104:5)\n    at async C:\\Users\\Ryan\\Projects\\BakeAlley-POS\\BakeAlley-POS\\server\\app.js:240:23","statusCode":400,"timestamp":"2026-10-01 11:28:16"}
